<?xml version="1.0" encoding="utf-8"?><testsuites><testsuite name="pytest" errors="0" failures="0" skipped="0" tests="7" time="2.712" timestamp="2025-09-07T12:08:04.748766+08:00" hostname="StarHeartdeMacBook-Pro.local"><testcase classname="tests.test_feishu_utils" name="test_aes[test key0]" time="0.753" /><testcase classname="tests.test_feishu_utils" name="test_aes[test key1]" time="0.754" /><testcase classname="tests.test_feishu_bot" name="test_check_reply[asyncio]" time="1.377" /><testcase classname="tests.test_feishu_connection" name="test_http[asyncio-/feishu/app_id_connection]" time="1.377" /><testcase classname="tests.test_feishu_bot" name="test_check_nickname[asyncio]" time="1.379" /><testcase classname="tests.test_feishu_event" name="test_event[asyncio]" time="1.382" /><testcase classname="tests.test_feishu_bot" name="test_check_tome[asyncio]" time="1.382" /></testsuite></testsuites>